<header>
    <builder>Christopher</builder>
    <buildTime>1422287397</buildTime>
    <version>000.000.000</version>
</header>

<referenceIndex/>

<content>
    <obj name="Malestrom" posX="1184" posY="83" time="0"/>
    <obj name="Malestrom" posX="1184" posY="183" time="0"/>
    <obj name="Malestrom" posX="1184" posY="483" time="0"/>
    <obj name="Malestrom" posX="1184" posY="583" time="0"/>
    <obj name="Malestrom" posX="1184" posY="683" time="0"/>
    <obj name="Malestrom" posX="1184" posY="783" time="0"/>
    <obj name="Malestrom" posX="1184" posY="83" time="375"/>
    <obj name="Malestrom" posX="1184" posY="183" time="375"/>
    <obj name="Malestrom" posX="1184" posY="283" time="375"/>
    <obj name="Malestrom" posX="1184" posY="383" time="375"/>
    <obj name="Malestrom" posX="1184" posY="483" time="375"/>
    <obj name="Malestrom" posX="1184" posY="583" time="375"/>
    <obj name="Malestrom" posX="1184" posY="683" time="375"/>
    <obj name="Malestrom" posX="1184" posY="783" time="375"/>
    <obj name="Malestrom" posX="1184" posY="83" time="750"/>
    <obj name="Malestrom" posX="1184" posY="183" time="750"/>
    <obj name="Malestrom" posX="1184" posY="283" time="750"/>
    <obj name="Malestrom" posX="1184" posY="383" time="750"/>
    <obj name="Malestrom" posX="1184" posY="483" time="750"/>
    <obj name="Malestrom" posX="1184" posY="583" time="750"/>
    <obj name="Malestrom" posX="1184" posY="683" time="750"/>
    <obj name="Malestrom" posX="1184" posY="783" time="750"/>
    <obj name="Moskito" posX="1185" posY="82" time="1106"/>
    <obj name="Moskito" posX="1185" posY="182" time="1106"/>
    <obj name="Moskito" posX="1185" posY="282" time="1106"/>
    <obj name="Moskito" posX="1185" posY="382" time="1106"/>
    <obj name="Moskito" posX="1185" posY="482" time="1106"/>
    <obj name="Moskito" posX="1185" posY="582" time="1106"/>
    <obj name="Moskito" posX="1185" posY="682" time="1106"/>
    <obj name="Moskito" posX="1185" posY="782" time="1106"/>
    <obj name="FireBallMonster" posX="1184" posY="83" time="2006"/>
    <obj name="FireBallMonster" posX="1184" posY="183" time="2006"/>
    <obj name="FireBallMonster" posX="1184" posY="283" time="2006"/>
    <obj name="FireBallMonster" posX="1184" posY="383" time="2006"/>
    <obj name="FireBallMonster" posX="1184" posY="483" time="2006"/>
    <obj name="FireBallMonster" posX="1184" posY="583" time="2006"/>
    <obj name="FireBallMonster" posX="1184" posY="683" time="2006"/>
    <obj name="FireBallMonster" posX="1184" posY="783" time="2006"/>
    <obj name="Moskito" posX="1185" posY="82" time="2695"/>
    <obj name="Moskito" posX="1185" posY="182" time="2695"/>
    <obj name="Moskito" posX="1185" posY="282" time="2695"/>
    <obj name="Moskito" posX="1185" posY="382" time="2695"/>
    <obj name="Moskito" posX="1185" posY="482" time="2695"/>
    <obj name="Moskito" posX="1185" posY="582" time="2695"/>
    <obj name="Moskito" posX="1185" posY="682" time="2695"/>
    <obj name="Moskito" posX="1185" posY="782" time="2695"/>
    <obj name="Moskito" posX="1185" posY="82" time="3267"/>
    <obj name="Moskito" posX="1185" posY="182" time="3267"/>
    <obj name="Moskito" posX="1185" posY="282" time="3267"/>
    <obj name="Moskito" posX="1185" posY="382" time="3267"/>
    <obj name="Moskito" posX="1185" posY="482" time="3267"/>
    <obj name="Moskito" posX="1185" posY="582" time="3267"/>
    <obj name="Moskito" posX="1185" posY="682" time="3267"/>
    <obj name="Moskito" posX="1185" posY="782" time="3267"/>
    <obj name="Malestrom" posX="1184" posY="83" time="3755"/>
    <obj name="Moskito" posX="1185" posY="182" time="3755"/>
    <obj name="Malestrom" posX="1184" posY="283" time="3755"/>
    <obj name="Moskito" posX="1185" posY="382" time="3755"/>
    <obj name="Malestrom" posX="1184" posY="483" time="3755"/>
    <obj name="Moskito" posX="1185" posY="582" time="3755"/>
    <obj name="Malestrom" posX="1184" posY="683" time="3755"/>
    <obj name="Moskito" posX="1185" posY="782" time="3755"/>
    <obj name="Moskito" posX="1185" posY="82" time="3974"/>
    <obj name="Moskito" posX="1185" posY="182" time="3974"/>
    <obj name="Moskito" posX="1185" posY="282" time="3974"/>
    <obj name="Moskito" posX="1185" posY="382" time="3974"/>
    <obj name="Moskito" posX="1185" posY="482" time="3974"/>
    <obj name="Moskito" posX="1185" posY="582" time="3974"/>
    <obj name="Moskito" posX="1185" posY="682" time="3974"/>
    <obj name="Moskito" posX="1185" posY="782" time="3974"/>
    <obj name="Moskito" posX="1185" posY="82" time="4125"/>
    <obj name="Moskito" posX="1185" posY="182" time="4125"/>
    <obj name="Moskito" posX="1185" posY="282" time="4125"/>
    <obj name="Moskito" posX="1185" posY="382" time="4125"/>
    <obj name="Moskito" posX="1185" posY="482" time="4125"/>
    <obj name="Moskito" posX="1185" posY="582" time="4125"/>
    <obj name="Moskito" posX="1185" posY="682" time="4125"/>
    <obj name="Moskito" posX="1185" posY="782" time="4125"/>
    <obj name="Malestrom" posX="1184" posY="83" time="4237"/>
    <obj name="Malestrom" posX="1184" posY="183" time="4237"/>
    <obj name="Malestrom" posX="1184" posY="283" time="4237"/>
    <obj name="Malestrom" posX="1184" posY="383" time="4237"/>
    <obj name="Malestrom" posX="1184" posY="476" time="4237"/>
    <obj name="Malestrom" posX="1184" posY="583" time="4237"/>
    <obj name="Malestrom" posX="1184" posY="683" time="4237"/>
    <obj name="Malestrom" posX="1184" posY="783" time="4237"/>
    <obj name="Moskito" posX="1185" posY="127" time="4387"/>
    <obj name="Moskito" posX="1185" posY="182" time="4387"/>
    <obj name="Moskito" posX="1185" posY="234" time="4387"/>
    <obj name="Moskito" posX="1185" posY="281" time="4387"/>
    <obj name="Moskito" posX="1185" posY="383" time="4387"/>
    <obj name="Moskito" posX="1185" posY="479" time="4387"/>
    <obj name="Moskito" posX="1185" posY="582" time="4387"/>
    <obj name="Moskito" posX="1185" posY="677" time="4387"/>
    <obj name="Moskito" posX="1185" posY="728" time="4387"/>
    <obj name="BombeBonus" posX="1193" posY="192" time="4537"/>
    <obj name="BombeBonus" posX="1193" posY="292" time="4537"/>
    <obj name="BombeBonus" posX="1193" posY="392" time="4537"/>
    <obj name="BombeBonus" posX="1193" posY="492" time="4537"/>
    <obj name="BombeBonus" posX="1193" posY="592" time="4537"/>
    <obj name="BombeBonus" posX="1193" posY="692" time="4537"/>
    <obj name="BombeBonus" posX="1193" posY="792" time="4537"/>
    <obj name="BombeBonus" posX="1193" posY="92" time="4537"/>
    <obj name="Malestrom" posX="1184" posY="283" time="5550"/>
    <obj name="Malestrom" posX="1184" posY="383" time="5550"/>
    <obj name="Malestrom" posX="1184" posY="483" time="5550"/>
    <obj name="Malestrom" posX="1184" posY="583" time="5550"/>
    <obj name="Malestrom" posX="1184" posY="683" time="5550"/>
    <obj name="Malestrom" posX="1184" posY="783" time="5550"/>
    <obj name="Malestrom" posX="1184" posY="83" time="5550"/>
    <obj name="Malestrom" posX="1184" posY="183" time="5550"/>
    <obj name="Malestrom" posX="1184" posY="283" time="5550"/>
    <obj name="Moskito" posX="1185" posY="382" time="4725"/>
    <obj name="Moskito" posX="1185" posY="482" time="4725"/>
    <obj name="Moskito" posX="1185" posY="582" time="4725"/>
    <obj name="Moskito" posX="1185" posY="682" time="4725"/>
    <obj name="Moskito" posX="1185" posY="782" time="4725"/>
    <obj name="Moskito" posX="1185" posY="82" time="4725"/>
    <obj name="Moskito" posX="1185" posY="182" time="4725"/>
    <obj name="Moskito" posX="1185" posY="282" time="4725"/>
    <obj name="Moskito" posX="1185" posY="382" time="5887"/>
    <obj name="Moskito" posX="1185" posY="482" time="5887"/>
    <obj name="Moskito" posX="1185" posY="582" time="5887"/>
    <obj name="Moskito" posX="1185" posY="682" time="5887"/>
    <obj name="Moskito" posX="1185" posY="782" time="5887"/>
    <obj name="Moskito" posX="1185" posY="82" time="5887"/>
    <obj name="Moskito" posX="1185" posY="182" time="5887"/>
    <obj name="Moskito" posX="1185" posY="282" time="5887"/>
    <obj name="Moskito" posX="1185" posY="382" time="6075"/>
    <obj name="Moskito" posX="1185" posY="482" time="6075"/>
    <obj name="Moskito" posX="1185" posY="582" time="6075"/>
    <obj name="Moskito" posX="1185" posY="682" time="6075"/>
    <obj name="Moskito" posX="1185" posY="782" time="6075"/>
    <obj name="Moskito" posX="1185" posY="82" time="6075"/>
    <obj name="Moskito" posX="1185" posY="182" time="6075"/>
    <obj name="Moskito" posX="1185" posY="282" time="6075"/>
    <obj name="Moskito" posX="1185" posY="382" time="6075"/>
    <obj name="Moskito" posX="1185" posY="482" time="6300"/>
    <obj name="Moskito" posX="1185" posY="582" time="6300"/>
    <obj name="Moskito" posX="1185" posY="682" time="6300"/>
    <obj name="Moskito" posX="1185" posY="782" time="6300"/>
    <obj name="Moskito" posX="1185" posY="82" time="6300"/>
    <obj name="Moskito" posX="1185" posY="182" time="6300"/>
    <obj name="Moskito" posX="1185" posY="282" time="6300"/>
    <obj name="Moskito" posX="1185" posY="382" time="6300"/>
    <obj name="FinalBoss" posX="1163" posY="330" time="6545"/>
    <obj name="Moskito" posX="1185" posY="582" time="4912"/>
    <obj name="Moskito" posX="1185" posY="682" time="4912"/>
    <obj name="Moskito" posX="1185" posY="782" time="4912"/>
    <obj name="Moskito" posX="1185" posY="82" time="4912"/>
    <obj name="Moskito" posX="1185" posY="182" time="4912"/>
    <obj name="Moskito" posX="1185" posY="282" time="4912"/>
    <obj name="Moskito" posX="1185" posY="382" time="4912"/>
    <obj name="Moskito" posX="1185" posY="482" time="4912"/>
    <obj name="Moskito" posX="1185" posY="582" time="4987"/>
    <obj name="Moskito" posX="1185" posY="682" time="4987"/>
    <obj name="Moskito" posX="1185" posY="782" time="4987"/>
    <obj name="Moskito" posX="1185" posY="82" time="4987"/>
    <obj name="Moskito" posX="1185" posY="182" time="4987"/>
    <obj name="Moskito" posX="1185" posY="282" time="4987"/>
    <obj name="Moskito" posX="1185" posY="382" time="4987"/>
    <obj name="Moskito" posX="1185" posY="482" time="5025"/>
    <obj name="Moskito" posX="1185" posY="582" time="5025"/>
    <obj name="Moskito" posX="1185" posY="682" time="5025"/>
    <obj name="Moskito" posX="1185" posY="782" time="5025"/>
    <obj name="Moskito" posX="1185" posY="82" time="5025"/>
    <obj name="Moskito" posX="1185" posY="182" time="5025"/>
    <obj name="Moskito" posX="1185" posY="282" time="5025"/>
    <obj name="Moskito" posX="1185" posY="382" time="5025"/>
    <obj name="Moskito" posX="1185" posY="482" time="5025"/>
    <obj name="Moskito" posX="1185" posY="582" time="5025"/>
</content>
